Analyzing facebook (2)...                                       

   info - Don't invoke 'print' in production code - lib\main.dart:15:5 - avoid_print
   info - Don't invoke 'print' in production code - lib\main.dart:17:5 - avoid_print
   info - Don't invoke 'print' in production code - lib\screens\edit_profile_screen.dart:67:7 - avoid_print
   info - Don't invoke 'print' in production code - lib\screens\edit_profile_screen.dart:89:7 - avoid_print
   info - Statements in an if should be enclosed in a block - lib\screens\login_screen.dart:45:13 - curly_braces_in_flow_control_structures
  error - 1 positional argument expected by 'signInWithOAuth', but 0 found - lib\screens\login_screen.dart:291:28 - not_enough_positional_arguments
  error - The named parameter 'provider' isn't defined - lib\screens\login_screen.dart:291:28 - undefined_named_parameter
  error - Undefined name 'Provider' - lib\screens\login_screen.dart:291:38 - undefined_identifier
  error - 1 positional argument expected by 'signInWithOAuth', but 0 found - lib\screens\login_screen.dart:385:28 - not_enough_positional_arguments
  error - The named parameter 'provider' isn't defined - lib\screens\login_screen.dart:385:28 - undefined_named_parameter
  error - Undefined name 'Provider' - lib\screens\login_screen.dart:385:38 - undefined_identifier
   info - 'groupValue' is deprecated and shouldn't be used. Use a RadioGroup ancestor to manage group value instead. This feature was deprecated after v3.32.0-0.0.pre - lib\screens\login_screen.dart:509:23 - deprecated_member_use
   info - 'onChanged' is deprecated and shouldn't be used. Use RadioGroup to handle value change instead. This feature was deprecated after v3.32.0-0.0.pre - lib\screens\login_screen.dart:511:23 - deprecated_member_use
   info - 'groupValue' is deprecated and shouldn't be used. Use a RadioGroup ancestor to manage group value instead. This feature was deprecated after v3.32.0-0.0.pre - lib\screens\login_screen.dart:518:23 - deprecated_member_use
   info - 'onChanged' is deprecated and shouldn't be used. Use RadioGroup to handle value change instead. This feature was deprecated after v3.32.0-0.0.pre - lib\screens\login_screen.dart:520:23 - deprecated_member_use
warning - The value of the field '_selectedIndex' isn't used - lib\screens\profile_screen.dart:32:13 - unused_field
   info - Don't invoke 'print' in production code - lib\screens\search_screen.dart:40:7 - avoid_print
   info - Don't invoke 'print' in production code - lib\services\database_service.dart:18:7 - avoid_print
warning - The value of the local variable 'count1' isn't used - lib\services\database_service.dart:55:11 - unused_local_variable
   info - Don't invoke 'print' in production code - lib\services\database_service.dart:139:7 - avoid_print
   info - Don't invoke 'print' in production code - lib\widgets\post_card.dart:77:7 - avoid_print
   info - Don't use 'BuildContext's across async gaps, guarded by an unrelated 'mounted' check - lib\widgets\stories_section.dart:48:30 - use_build_context_synchronously
   info - Don't use 'BuildContext's across async gaps, guarded by an unrelated 'mounted' check - lib\widgets\stories_section.dart:54:30 - use_build_context_synchronously
   info - 'withOpacity' is deprecated and shouldn't be used. Use .withValues() to avoid precision loss - lib\widgets\stories_section.dart:234:30 - deprecated_member_use

